Uncompressing Linux... done, booting the kernel.
 Booting Linux on physical CPU 0x0
 Initializing cgroup subsys cpuset
 Initializing cgroup subsys cpu
 Initializing cgroup subsys cpuacct
 Linux version 4.4.10+ (dc4@dc4-XPS13-9333) (gcc version 4.9.3 (crosstool-NG crosstool-ng-1.22.0-88-g8460611) ) #885 Fri May 13 15:30:07 BST 2016
 CPU: ARMv6-compatible processor [410fb767] revision 7 (ARMv7), cr=00c5387d
 CPU: PIPT / VIPT nonaliasing data cache, VIPT nonaliasing instruction cache
 Machine model: Raspberry Pi Zero Rev 1.2
 cma: Reserved 8 MiB at 0x1d400000
 Memory policy: Data cache writeback
 Built 1 zonelists in Zone order, mobility grouping on.  Total pages: 121800
 Kernel command line: dma.dmachans=0x7f35 bcm2708_fb.fbwidth=656 bcm2708_fb.fbheight=416 bcm2708.boardrev=0x900092 bcm2708.serial=0x232c7658 smsc95xx.macaddr=B8:27:EB:2C:76:58 bcm2708_fb.fbswap=1 bcm2708.uart_clock=3000000 bcm2708.disk_led_gpio=47 vc_mem.mem_base=0x1ec00000 vc_mem.mem_size=0x20000000  dwc_otg.lpm_enable=0 console=ttyAMA0,115200 console=tty1 root=/dev/mmcblk0p2 rootfstype=ext4 elevator=deadline fsck.repair=yes rootwait
 PID hash table entries: 2048 (order: 1, 8192 bytes)
 Dentry cache hash table entries: 65536 (order: 6, 262144 bytes)
 Inode-cache hash table entries: 32768 (order: 5, 131072 bytes)
 Memory: 469028K/491520K available (6046K kernel code, 436K rwdata, 1836K rodata, 380K init, 726K bss, 14300K reserved, 8192K cma-reserved)
 Virtual kernel memory layout:
     vector  : 0xffff0000 - 0xffff1000   (   4 kB)
     fixmap  : 0xffc00000 - 0xfff00000   (3072 kB)
     vmalloc : 0xde800000 - 0xff800000   ( 528 MB)
     lowmem  : 0xc0000000 - 0xde000000   ( 480 MB)
     modules : 0xbf000000 - 0xc0000000   (  16 MB)
       .text : 0xc0008000 - 0xc07bacec   (7884 kB)
       .init : 0xc07bb000 - 0xc081a000   ( 380 kB)
       .data : 0xc081a000 - 0xc08872c8   ( 437 kB)
        .bss : 0xc08872c8 - 0xc093ce70   ( 727 kB)
 SLUB: HWalign=32, Order=0-3, MinObjects=0, CPUs=1, Nodes=1
 NR_IRQS:16 nr_irqs:16 16
 sched_clock: 32 bits at 1000kHz, resolution 1000ns, wraps every 2147483647500ns
 clocksource: timer: mask: 0xffffffff max_cycles: 0xffffffff, max_idle_ns: 1911260446275 ns
 bcm2835: system timer (irq = 27)
 Console: colour dummy device 80x30
 console [tty1] enabled
 Calibrating delay loop... 697.95 BogoMIPS (lpj=3489792)
 pid_max: default: 32768 minimum: 301
 Mount-cache hash table entries: 1024 (order: 0, 4096 bytes)
 Mountpoint-cache hash table entries: 1024 (order: 0, 4096 bytes)
 Disabling cpuset control group subsystem
 Initializing cgroup subsys io
 Initializing cgroup subsys memory
 Initializing cgroup subsys devices
 Initializing cgroup subsys freezer
 Initializing cgroup subsys net_cls
 CPU: Testing write buffer coherency: ok
 ftrace: allocating 20604 entries in 61 pages
 Setting up static identity map for 0x81c0 - 0x81f8
 devtmpfs: initialized
 VFP support v0.3: implementor 41 architecture 1 part 20 variant b rev 5
 clocksource: jiffies: mask: 0xffffffff max_cycles: 0xffffffff, max_idle_ns: 19112604462750000 ns
 pinctrl core: initialized pinctrl subsystem
 NET: Registered protocol family 16
 DMA: preallocated 4096 KiB pool for atomic coherent allocations
 hw-breakpoint: found 6 breakpoint and 1 watchpoint registers.
 hw-breakpoint: maximum watchpoint size is 4 bytes.
 Serial: AMBA PL011 UART driver
 20201000.uart: ttyAMA0 at MMIO 0x20201000 (irq = 81, base_baud = 0) is a PL011 rev2
 console [ttyAMA0] enabled
 bcm2835-mbox 2000b880.mailbox: mailbox enabled
 bcm2835-dma 20007000.dma: DMA legacy API manager at f2007000, dmachans=0x1
 SCSI subsystem initialized
 usbcore: registered new interface driver usbfs
 usbcore: registered new interface driver hub
 usbcore: registered new device driver usb
 raspberrypi-firmware soc:firmware: Attached to firmware from 2016-05-17 17:29
 clocksource: Switched to clocksource timer
 FS-Cache: Loaded
 CacheFiles: Loaded
 NET: Registered protocol family 2
 TCP established hash table entries: 4096 (order: 2, 16384 bytes)
 TCP bind hash table entries: 4096 (order: 2, 16384 bytes)
 TCP: Hash tables configured (established 4096 bind 4096)
 UDP hash table entries: 256 (order: 0, 4096 bytes)
 UDP-Lite hash table entries: 256 (order: 0, 4096 bytes)
 NET: Registered protocol family 1
 RPC: Registered named UNIX socket transport module.
 RPC: Registered udp transport module.
 RPC: Registered tcp transport module.
 RPC: Registered tcp NFSv4.1 backchannel transport module.
 hw perfevents: enabled with armv6_1176 PMU driver, 3 counters available
 futex hash table entries: 256 (order: -1, 3072 bytes)
 VFS: Disk quotas dquot_6.6.0
 VFS: Dquot-cache hash table entries: 1024 (order 0, 4096 bytes)
 FS-Cache: Netfs 'nfs' registered for caching
 NFS: Registering the id_resolver key type
 Key type id_resolver registered
 Key type id_legacy registered
 Block layer SCSI generic (bsg) driver version 0.4 loaded (major 252)
 io scheduler noop registered
 io scheduler deadline registered (default)
 io scheduler cfq registered
 BCM2708FB: allocated DMA memory 5d800000
 BCM2708FB: allocated DMA channel 0 @ f2007000
 Console: switching to colour frame buffer device 82x26
 bcm2835-rng 20104000.rng: hwrng registered
 vc-cma: Videocore CMA driver
 vc-cma: vc_cma_base      = 0x00000000
 vc-cma: vc_cma_size      = 0x00000000 (0 MiB)
 vc-cma: vc_cma_initial   = 0x00000000 (0 MiB)
 vc-mem: phys_addr:0x00000000 mem_base=0x1ec00000 mem_size:0x20000000(512 MiB)
 brd: module loaded
 loop: module loaded
 vchiq: vchiq_init_state: slot_zero = 0xdd880000, is_master = 0
 Loading iSCSI transport class v2.0-870.
 usbcore: registered new interface driver smsc95xx
 dwc_otg: version 3.00a 10-AUG-2012 (platform bus)
 Core Release: 2.80a
 Setting default values for core params
 Finished setting default values for core params
 Using Buffer DMA mode
 Periodic Transfer Interrupt Enhancement - disabled
 Multiprocessor Interrupt Enhancement - disabled
 OTG VER PARAM: 0, OTG VER FLAG: 0
 Dedicated Tx FIFOs mode
 WARN::dwc_otg_hcd_init:1047: FIQ DMA bounce buffers: virt = 0xdd814000 dma = 0x5d814000 len=9024
 FIQ FSM acceleration enabled for :
 Non-periodic Split Transactions
 Periodic Split Transactions
 High-Speed Isochronous Endpoints
 Interrupt/Control Split Transaction hack enabled
 WARN::hcd_init_fiq:413: FIQ on core 0 at 0xc0407160
 WARN::hcd_init_fiq:414: FIQ ASM at 0xc040743c length 36
 WARN::hcd_init_fiq:439: MPHI regs_base at 0xde898000
 dwc_otg 20980000.usb: DWC OTG Controller
 dwc_otg 20980000.usb: new USB bus registered, assigned bus number 1
 dwc_otg 20980000.usb: irq 56, io mem 0x00000000
 Init: Port Power? op_state=1
 Init: Power Port (0)
 usb usb1: New USB device found, idVendor=1d6b, idProduct=0002
 usb usb1: New USB device strings: Mfr=3, Product=2, SerialNumber=1
 usb usb1: Product: DWC OTG Controller
 usb usb1: Manufacturer: Linux 4.4.10+ dwc_otg_hcd
 usb usb1: SerialNumber: 20980000.usb
 hub 1-0:1.0: USB hub found
 hub 1-0:1.0: 1 port detected
 usbcore: registered new interface driver usb-storage
 mousedev: PS/2 mouse device common for all mice
 bcm2835-cpufreq: min=700000 max=1000000
 sdhci: Secure Digital Host Controller Interface driver
 sdhci: Copyright(c) Pierre Ossman
 sdhost: log_buf @ dd813000 (5d813000)
 mmc0: sdhost-bcm2835 loaded - DMA enabled (>1)
 sdhci-pltfm: SDHCI platform and OF driver helper
 ledtrig-cpu: registered to indicate activity on CPUs
 hidraw: raw HID events driver (C) Jiri Kosina
 usbcore: registered new interface driver usbhid
 usbhid: USB HID core driver
 Initializing XFRM netlink socket
 Indeed it is in host mode hprt0 = 00021501
 NET: Registered protocol family 17
 Key type dns_resolver registered
 registered taskstats version 1
 vc-sm: Videocore shared memory driver
 [vc_sm_connected_init]: start
 [vc_sm_connected_init]: end - returning 0
 of_cfs_init
 of_cfs_init: OK
 Waiting for root device /dev/mmcblk0p2...
 mmc0: host does not support reading read-only switch, assuming write-enable
 mmc0: new high speed SDHC card at address 1234
 mmcblk0: mmc0:1234 SA08G 7.21 GiB
  mmcblk0: p1 p2
 EXT4-fs (mmcblk0p2): mounted filesystem with ordered data mode. Opts: (null)
 usb 1-1: new high-speed USB device number 2 using dwc_otg
 Indeed it is in host mode hprt0 = 00001101
 VFS: Mounted root (ext4 filesystem) readonly on device 179:2.
 devtmpfs: mounted
 Freeing unused kernel memory: 380K (c07bb000 - c081a000)
 usb 1-1: New USB device found, idVendor=214b, idProduct=7000
 usb 1-1: New USB device strings: Mfr=0, Product=1, SerialNumber=0
 usb 1-1: Product: USB2.0 HUB
 hub 1-1:1.0: USB hub found
 hub 1-1:1.0: 4 ports detected
 random: systemd urandom read with 54 bits of entropy available
 systemd[1]: systemd 215 running in system mode. (+PAM +AUDIT +SELINUX +IMA +SYSVINIT +LIBCRYPTSETUP +GCRYPT +ACL +XZ -SECCOMP -APPARMOR)
 systemd[1]: Detected architecture 'arm'.
 NET: Registered protocol family 10
 systemd[1]: Inserted module 'ipv6'
 systemd[1]: Set hostname to <sunnyshare>.
 uart-pl011 20201000.uart: no DMA platform data
 systemd[1]: Starting Forward Password Requests to Wall Directory Watch.
 systemd[1]: Started Forward Password Requests to Wall Directory Watch.
 systemd[1]: Expecting device dev-ttyAMA0.device...
 systemd[1]: Starting Remote File Systems (Pre).
 systemd[1]: Reached target Remote File Systems (Pre).
 systemd[1]: Starting Arbitrary Executable File Formats File System Automount Point.
 systemd[1]: Set up automount Arbitrary Executable File Formats File System Automount Point.
 systemd[1]: Starting Encrypted Volumes.
 systemd[1]: Reached target Encrypted Volumes.
 systemd[1]: Expecting device dev-disk-by\x2dlabel-swap.device...
 systemd[1]: Expecting device dev-disk-by\x2dlabel-data.device...
 systemd[1]: Starting Root Slice.
 systemd[1]: Created slice Root Slice.
 systemd[1]: Starting User and Session Slice.
 systemd[1]: Created slice User and Session Slice.
 systemd[1]: Starting Delayed Shutdown Socket.
 systemd[1]: Listening on Delayed Shutdown Socket.
 systemd[1]: Starting /dev/initctl Compatibility Named Pipe.
 systemd[1]: Listening on /dev/initctl Compatibility Named Pipe.
 systemd[1]: Starting Journal Socket (/dev/log).
 systemd[1]: Listening on Journal Socket (/dev/log).
 systemd[1]: Starting udev Control Socket.
 systemd[1]: Listening on udev Control Socket.
 systemd[1]: Starting udev Kernel Socket.
 systemd[1]: Listening on udev Kernel Socket.
 systemd[1]: Starting Journal Socket.
 systemd[1]: Listening on Journal Socket.
 systemd[1]: Starting System Slice.
 systemd[1]: Created slice System Slice.
 systemd[1]: Starting File System Check on Root Device...
 systemd[1]: Starting system-getty.slice.
 systemd[1]: Created slice system-getty.slice.
 systemd[1]: Starting system-serial\x2dgetty.slice.
 systemd[1]: Created slice system-serial\x2dgetty.slice.
 systemd[1]: Starting Increase datagram queue length...
 systemd[1]: Starting Create list of required static device nodes for the current kernel...
 systemd[1]: Starting Load Kernel Modules...
 systemd[1]: Mounted Huge Pages File System.
 systemd[1]: Starting udev Coldplug all Devices...
 systemd[1]: Mounting POSIX Message Queue File System...
 systemd[1]: Mounting Debug File System...
 systemd[1]: Started Set Up Additional Binary Formats.
 systemd[1]: Starting Slices.
 systemd[1]: Reached target Slices.
 systemd[1]: Mounted Debug File System.
 systemd[1]: Mounted POSIX Message Queue File System.
 systemd[1]: Started File System Check on Root Device.
 systemd[1]: Started Increase datagram queue length.
 systemd[1]: Started Create list of required static device nodes for the current kernel.
 RTL871X: module init start
 RTL871X: rtl8821au v4.3.14
 RTL871X: rtl8821au BT-Coex version = BTCOEX20150128-51
 usbcore: registered new interface driver rtl8821au
 RTL871X: module init ret=0
 usbcore: registered new interface driver rtl8192cu
 bcm2708_i2c 20804000.i2c: BSC1 Controller at 0x20804000 (irq 77) (baudrate 100000)
 i2c /dev entries driver
 systemd[1]: Started udev Coldplug all Devices.
 bcm2835-wdt 20100000.watchdog: Broadcom BCM2835 watchdog timer
 systemd[1]: Started Load Kernel Modules.
 systemd[1]: Starting Initialize i2c hardware RTC device driver...
 systemd[1]: Mounting Configuration File System...
 systemd[1]: Mounted FUSE Control File System.
 i2c i2c-1: new_device: Instantiated device ds1307 at 0x68
 systemd[1]: Starting Apply Kernel Variables...
 systemd[1]: Starting Create Static Device Nodes in /dev...
 systemd[1]: Starting Syslog Socket.